Content-Type: multipart/alternative;
 boundary="===============2841645045531324391=="
MIME-Version: 1.0
Subject: You have been invited to Ernakulam Institute of Technology on
 GeoAttend
From: Samiddha Chakrabarti <samiddha99@gmail.com>
To: teacher1.cse@demo.edu
Reply-To: samiddha99@gmail.com
Date: Tue, 18 Aug 2026 08:46:34 -0000
Message-ID: <178704279440.25868.3960672208760490951@Samiddha>
unique-message-id: 2b8bc16301834b85a00ba88e0ef053e2
message-group: INVITATION

--===============2841645045531324391==
Content-Type: text/plain; charset="utf-8"
MIME-Version: 1.0
Content-Transfer-Encoding: 7bit

You've been invited to GeoAttend as Teacher

Ernakulam Institute of Technology added teacher1.cse@demo.edu to the Civil Engineering department.


Complete your registration here:
https://geoattend.fly.dev/auth/invite/JuV-WdxmO-7Vr4pvN-Lqzc2cqidif-wicytELOKqzJM/

This link expires in 7 days.

--===============2841645045531324391==
Content-Type: text/html; charset="utf-8"
MIME-Version: 1.0
Content-Transfer-Encoding: 8bit

<!doctype html><html><body style="margin:0;padding:0;background:#f5f7fb;font-family:'Segoe UI',Arial,sans-serif;color:#0f172a">
<table width="100%" cellpadding="0" cellspacing="0" style="background:#f5f7fb;padding:28px 12px">
<tr><td align="center">
  <table width="100%" cellpadding="0" cellspacing="0" style="max-width:560px;background:#fff;border-radius:14px;overflow:hidden;box-shadow:0 6px 24px rgba(15,23,42,.08)">
    <tr><td style="background:linear-gradient(135deg,#4f46e5,#06b6d4);padding:22px 26px;color:#fff">
      <div style="font-size:19px;font-weight:700">📍 GeoAttend</div>
      <div style="font-size:12px;opacity:.85">Geo-verified classroom attendance</div>
    </td></tr>
    <tr><td style="padding:26px">
<h2 style="margin:0 0 8px;font-size:19px">You've been invited as Teacher</h2>
<p style="color:#475569;font-size:14px;margin:0 0 16px">
  <b>Ernakulam Institute of Technology</b> has added <b>teacher1.cse@demo.edu</b> to GeoAttend
   in the <b>Civil Engineering</b> department.
  Click below to set your password and activate your account.
</p>

<div style="text-align:center;margin:24px 0">
  <a href="https://geoattend.fly.dev/auth/invite/JuV-WdxmO-7Vr4pvN-Lqzc2cqidif-wicytELOKqzJM/" style="background:#4f46e5;color:#fff;text-decoration:none;padding:13px 30px;
     border-radius:10px;font-weight:600;font-size:15px;display:inline-block">Complete my registration</a>
</div>
<p style="color:#64748b;font-size:12px;word-break:break-all">
  If the button doesn't work, paste this link into your browser:<br>https://geoattend.fly.dev/auth/invite/JuV-WdxmO-7Vr4pvN-Lqzc2cqidif-wicytELOKqzJM/</p>
<p style="color:#64748b;font-size:12px">This invitation expires in 7 days. Your email and role are fixed by your institute and cannot be changed.</p>
</td></tr>
    <tr><td style="padding:16px 26px;background:#f8fafc;color:#64748b;font-size:11px;border-top:1px solid #e2e8f0">
      This is an automated message from GeoAttend. Please do not reply.<br>&copy; 2026 GeoAttend
    </td></tr>
  </table>
</td></tr></table>
</body></html>

--===============2841645045531324391==--

-------------------------------------------------------------------------------
