Content-Type: multipart/alternative;
 boundary="===============8783721934955129336=="
MIME-Version: 1.0
Subject: Aditi Menon has been suspended by AU
From: Samiddha Chakrabarti <samiddha99@gmail.com>
To: cse.teacher2.inst01@inst01.demo.geoattend.in,
 hod.cse.inst01@inst01.demo.geoattend.in, head.inst01@inst01.demo.geoattend.in
Reply-To: samiddha99@gmail.com
Date: Thu, 13 Aug 2026 17:53:52 -0000
Message-ID: <178664363236.16272.14370184681698408082@Samiddha>
unique-message-id: 3b71de46c8e645df8725bfe7d01588b9
message-group: TEACHER_SUSPENSION

--===============8783721934955129336==
Content-Type: text/plain; charset="utf-8"
MIME-Version: 1.0
Content-Transfer-Encoding: 7bit

Teacher suspended: Aditi Menon

AU has suspended Aditi Menon (cse.teacher2.inst01@inst01.demo.geoattend.in) with immediate effect.

They cannot sign in to GeoAttend until the suspension is lifted. Their classes, assignments and attendance records are untouched and will be waiting if it is.

Department: Computer Science &amp; Engineering (CSE)
Institute: Ernakulam Institute of Technology (INST01)
Date: 13 August 2026, 23:23

Reason given:
hhhhlljhg ggh thgh  hfgf ghgh

This message went to Aditi Menon, their head of department and
the head of the institute.

Only AU can lift this suspension. The institute cannot.
https://geoattend.fly.dev

--===============8783721934955129336==
Content-Type: text/html; charset="utf-8"
MIME-Version: 1.0
Content-Transfer-Encoding: 8bit

<!doctype html><html><body style="margin:0;padding:0;background:#f5f7fb;font-family:'Segoe UI',Arial,sans-serif;color:#0f172a">
<table width="100%" cellpadding="0" cellspacing="0" style="background:#f5f7fb;padding:28px 12px">
<tr><td align="center">
  <table width="100%" cellpadding="0" cellspacing="0" style="max-width:560px;background:#fff;border-radius:14px;overflow:hidden;box-shadow:0 6px 24px rgba(15,23,42,.08)">
    <tr><td style="background:linear-gradient(135deg,#4f46e5,#06b6d4);padding:22px 26px;color:#fff">
      <div style="font-size:19px;font-weight:700">📍 GeoAttend</div>
      <div style="font-size:12px;opacity:.85">Geo-verified classroom attendance</div>
    </td></tr>
    <tr><td style="padding:26px">
<h2 style="margin:0 0 8px;font-size:19px">
  Teacher suspended
</h2>

<p style="color:#475569;font-size:14px">
  
  <b>AU</b> has suspended <b>Aditi Menon</b>
  (cse.teacher2.inst01@inst01.demo.geoattend.in) with immediate effect. They cannot sign in to
  GeoAttend until the suspension is lifted.
  
</p>

<table style="width:100%;font-size:13px;color:#475569;border-collapse:collapse;margin:16px 0">
  <tr>
    <td style="padding:4px 0;width:110px;color:#94a3b8">Department</td>
    <td style="padding:4px 0"><b>Computer Science &amp; Engineering</b> (CSE)</td>
  </tr>
  <tr>
    <td style="padding:4px 0;color:#94a3b8">Institute</td>
    <td style="padding:4px 0"><b>Ernakulam Institute of Technology</b> (INST01)</td>
  </tr>
  <tr>
    <td style="padding:4px 0;color:#94a3b8">Date</td>
    <td style="padding:4px 0">13 August 2026, 23:23</td>
  </tr>
</table>


<!-- Quoted verbatim. Paraphrasing a sanction is how an appeal ends up being
     about the paraphrase rather than about what happened. -->
<div style="background:#fef2f2;border-left:3px solid #ef4444;padding:12px 16px;border-radius:6px;margin:16px 0">
  <div style="font-size:12px;color:#94a3b8;margin-bottom:4px">Reason given</div>
  <div style="font-size:14px;color:#7f1d1d;white-space:pre-wrap">hhhhlljhg ggh thgh  hfgf ghgh</div>
</div>


<p style="color:#475569;font-size:13px">
  Classes, subject assignments and attendance records are
  <b>untouched</b> and will be waiting if the suspension is
  lifted. Nothing was deleted.
</p>

<p style="color:#94a3b8;font-size:12px;margin-top:20px">
  This message went to Aditi Menon, their head of department
  and the head of the institute.
  Only AU can lift this suspension — the institute cannot.
</p>
</td></tr>
    <tr><td style="padding:16px 26px;background:#f8fafc;color:#64748b;font-size:11px;border-top:1px solid #e2e8f0">
      This is an automated message from GeoAttend. Please do not reply.<br>&copy; 2026 GeoAttend
    </td></tr>
  </table>
</td></tr></table>
</body></html>

--===============8783721934955129336==--

-------------------------------------------------------------------------------
